// Jest Snapshot v1, https://goo.gl/fbAQLP

exports[`Average (Snapshot) avergae component renders  1`] = `
<View
  style={
    Object {
      "alignItems": "center",
      "backgroundColor": "#F5FCFF",
      "flex": 1,
      "justifyContent": "center",
    }
  }
>
  <Text
    accessible={true}
    allowFontScaling={true}
    ellipsizeMode="tail"
    style={
      Object {
        "fontSize": 20,
        "margin": 30,
        "textAlign": "center",
      }
    }
  >
    Average of A and B = 
    0
  </Text>
  <Text
    accessible={true}
    allowFontScaling={true}
    ellipsizeMode="tail"
  >
    Value of A:
  </Text>
  <TextInput
    keyboardType="numeric"
    onChangeText={[Function]}
    placeholder="Value of A"
    style={
      Object {
        "alignSelf": "center",
        "borderColor": "gray",
        "borderWidth": 1,
        "height": 40,
        "lineHeight": 100,
        "marginBottom": 20,
        "textAlign": "center",
        "width": 100,
      }
    }
    value="0"
  />
  <Text
    accessible={true}
    allowFontScaling={true}
    ellipsizeMode="tail"
  >
    Value of B:
  </Text>
  <TextInput
    keyboardType="numeric"
    onChangeText={[Function]}
    placeholder="Value of B"
    style={
      Object {
        "alignSelf": "center",
        "borderColor": "gray",
        "borderWidth": 1,
        "height": 40,
        "lineHeight": 100,
        "marginBottom": 20,
        "textAlign": "center",
        "width": 100,
      }
    }
    value="0"
  />
  <View
    accessibilityComponentType="button"
    accessibilityLabel={undefined}
    accessibilityTraits={
      Array [
        "button",
      ]
    }
    accessible={true}
    hitSlop={undefined}
    isTVSelectable={true}
    onLayout={undefined}
    onResponderGrant={[Function]}
    onResponderMove={[Function]}
    onResponderRelease={[Function]}
    onResponderTerminate={[Function]}
    onResponderTerminationRequest={[Function]}
    onStartShouldSetResponder={[Function]}
    style={
      Object {
        "opacity": 1,
      }
    }
    testID={undefined}
    tvParallaxProperties={undefined}
  >
    <View
      style={
        Array [
          Object {},
        ]
      }
    >
      <Text
        accessible={true}
        allowFontScaling={true}
        ellipsizeMode="tail"
        style={
          Array [
            Object {
              "color": "#0C42FD",
              "fontSize": 18,
              "padding": 8,
              "textAlign": "center",
            },
            Object {
              "color": "#841584",
            },
          ]
        }
      >
        Calculate Average
      </Text>
    </View>
  </View>
</View>
`;
